
> rest-express@1.0.0 check
> tsc

server/replit_integrations/auth/storage.ts(2,20): error TS2307: Cannot find module '../../db' or its corresponding type declarations.
server/seed-admins.ts(2,20): error TS2307: Cannot find module './db' or its corresponding type declarations.
